// Jest Snapshot v1, https://goo.gl/fbAQLP

exports[`Loader should render the Loader Component correctly 1`] = `
<styled.div>
  <div
    className="overlay"
  />
  <div
    className="spinner-wrapper"
  >
    <WithStyles(ForwardRef(CircularProgress)) />
  </div>
</styled.div>
`;
