// Jest Snapshot v1, https://goo.gl/fbAQLP

exports[`Details should match snapshot 1`] = `
<Provider>
  <Details />
</Provider>
`;
