// Jest Snapshot v1, https://goo.gl/fbAQLP

exports[`GiftMessage should match snapshot 1`] = `
<Provider>
  <GiftMessage />
</Provider>
`;
