// Jest Snapshot v1, https://goo.gl/fbAQLP

exports[`MiniCart it should match snapshot 1`] = `
<Provider>
  <MiniCart />
</Provider>
`;
