// Jest Snapshot v1, https://goo.gl/fbAQLP

exports[`GuestCheckout should match snapshot 1`] = `
<Provider>
  <GuestCheckout />
</Provider>
`;
