// Jest Snapshot v1, https://goo.gl/fbAQLP

exports[`DeleteIcon should match snapshot 1`] = `
<svg
  fill="none"
  height={24}
  viewBox="0 0 24 24"
  width={24}
>
  <path
    clipRule="evenodd"
    d="M10.667 5L10 6H7.4a.4.4 0 00-.4.4V8h10V6.4a.4.4 0 00-.4-.4H10h4l-.667-1h-2.666zM9 18a1 1 0 01-1-1V9h8v8a1 1 0 01-1 1H9z"
    fill="#CBCDCE"
    fillRule="evenodd"
  />
</svg>
`;
