// Jest Snapshot v1, https://goo.gl/fbAQLP

exports[`NoImage should match snapshot 1`] = `
<svg
  fill="none"
  height="1em"
  viewBox="0 0 24 24"
  width="1em"
>
  <path
    clipRule="evenodd"
    d="M5 6h14v7.586l-4.222-4.222a1.1 1.1 0 00-1.556 0L10 12.586l-1.222-1.222a1.1 1.1 0 00-1.556 0L5 13.586V6zm0 10.414V18h14v-1.586l-5-5-3.222 3.222a1.1 1.1 0 01-1.556 0L8 13.414l-3 3zM3 6a2 2 0 012-2h14a2 2 0 012 2v12a2 2 0 01-2 2H5a2 2 0 01-2-2V6z"
    fill="#CACDCE"
    fillRule="evenodd"
  />
</svg>
`;
