// Jest Snapshot v1, https://goo.gl/fbAQLP

exports[`ProductTileContent should match snapshot 1`] = `""`;
