// Jest Snapshot v1, https://goo.gl/fbAQLP

exports[`StageController should match snapshot 1`] = `
<Provider>
  <StageController />
</Provider>
`;
