// Jest Snapshot v1, https://goo.gl/fbAQLP

exports[`InfoIcon should match snapshot 1`] = `
<svg
  fill="none"
  height={24}
  viewBox="0 0 24 24"
  width={24}
>
  <path
    clipRule="evenodd"
    d="M12 19a7 7 0 100-14 7 7 0 000 14zm0 2a9 9 0 100-18 9 9 0 000 18zm-1-9a1 1 0 112 0v3a1 1 0 11-2 0v-3zm1-4a1 1 0 100 2 1 1 0 000-2z"
    fill="#376A9A"
    fillRule="evenodd"
  />
</svg>
`;
