// Jest Snapshot v1, https://goo.gl/fbAQLP

exports[`RadioButtonIcon should match snapshot 1`] = `
<svg
  fill="none"
  height={24}
  viewBox="0 0 24 24"
  width={24}
>
  <circle
    cx={12}
    cy={12}
    fill="#fff"
    r={9.5}
    stroke="#D9DCDD"
  />
</svg>
`;
