// Jest Snapshot v1, https://goo.gl/fbAQLP

exports[`CheckoutHeader it should match snapshot 1`] = `
<styled.div>
  <styled.div>
    <Logo />
    <div>
      Need Help? Call 
      <styled.span>
        1-800-555-0199
      </styled.span>
    </div>
  </styled.div>
</styled.div>
`;
