// Jest Snapshot v1, https://goo.gl/fbAQLP

exports[`VariantSelectors should match snapshot 1`] = `
<Provider>
  <VariantSelectors />
</Provider>
`;
