// Jest Snapshot v1, https://goo.gl/fbAQLP

exports[`CartTotal it should match snapshot 1`] = `
<Provider>
  <CartTotal />
</Provider>
`;

exports[`StyledCartTotal it should match snapshot 1`] = `
<div
  className="sc-AxgMl dnMwyg"
/>
`;
