// Jest Snapshot v1, https://goo.gl/fbAQLP

exports[`LoginPage should match snapshot 1`] = `<OrderConfirmation />`;
