// Jest Snapshot v1, https://goo.gl/fbAQLP

exports[`ProductPrice should match snapshot 1`] = `
<div
  className="price"
>
  <span>
    $75.00
  </span>
</div>
`;
