// Jest Snapshot v1, https://goo.gl/fbAQLP

exports[`ArrowIcon should match snapshot 1`] = `
<svg
  className="arrow-icon"
  fill="none"
  height="1em"
  viewBox="0 0 24 24"
  width="1em"
>
  <path
    d="M15 12l-4 3V9l4 3z"
    fill="#000"
  />
</svg>
`;
