// Jest Snapshot v1, https://goo.gl/fbAQLP

exports[`NumericArrowIcon should match snapshot 1`] = `
<svg
  fill="none"
  height="1em"
  viewBox="0 0 24 24"
  width="1em"
>
  <path
    d="M12 5l3 4H9l3-4zM12 19l-3-4h6l-3 4z"
    fill="#222"
  />
</svg>
`;
